   Compiling proc-macro2 v1.0.106
   Compiling quote v1.0.46
   Compiling unicode-ident v1.0.24
   Compiling libc v0.2.186
    Checking cfg-if v1.0.4
    Checking smallvec v1.15.2
    Checking pin-project-lite v0.2.17
    Checking bytes v1.12.1
    Checking once_cell v1.21.4
   Compiling parking_lot_core v0.9.12
    Checking stable_deref_trait v1.2.1
    Checking scopeguard v1.2.0
    Checking futures-core v0.3.33
    Checking itoa v1.0.18
   Compiling serde_core v1.0.229
   Compiling shlex v2.0.1
    Checking slab v0.4.12
   Compiling find-msvc-tools v0.1.9
    Checking log v0.4.33
    Checking lock_api v0.4.14
    Checking writeable v0.6.3
    Checking litemap v0.8.2
   Compiling crossbeam-utils v0.8.21
    Checking percent-encoding v2.3.2
   Compiling version_check v0.9.5
    Checking tracing-core v0.1.36
   Compiling cc v1.2.65
    Checking utf8_iter v1.0.4
   Compiling icu_normalizer_data v2.2.0
   Compiling icu_properties_data v2.2.0
   Compiling getrandom v0.3.4
    Checking subtle v2.6.1
    Checking memchr v2.8.2
   Compiling crc32fast v1.5.0
    Checking tower-service v0.3.3
   Compiling zerocopy v0.8.52
   Compiling httparse v1.10.1
    Checking zeroize v1.9.0
    Checking futures-task v0.3.33
    Checking rustls-pki-types v1.15.0
    Checking typenum v1.20.1
    Checking try-lock v0.2.5
   Compiling serde v1.0.229
   Compiling generic-array v0.14.7
    Checking simd-adler32 v0.3.9
    Checking adler2 v2.0.1
   Compiling rustversion v1.0.22
   Compiling zmij v1.0.21
    Checking untrusted v0.9.0
    Checking bitflags v2.13.0
    Checking miniz_oxide v0.8.9
    Checking http v1.4.2
    Checking want v0.3.1
    Checking form_urlencoded v1.2.2
    Checking sync_wrapper v1.0.2
    Checking futures-channel v0.3.32
   Compiling rustls v0.23.41
    Checking atomic-waker v1.1.2
   Compiling serde_json v1.0.151
    Checking tower-layer v0.3.3
    Checking httpdate v1.0.3
    Checking base64 v0.22.1
   Compiling crossbeam-epoch v0.9.20
    Checking ipnet v2.12.0
    Checking compression-core v0.4.32
    Checking raw-cpuid v11.6.0
   Compiling syn v2.0.118
   Compiling syn v3.0.3
    Checking flate2 v1.1.9
   Compiling thiserror v2.0.18
    Checking futures-sink v0.3.33
    Checking ryu v1.0.23
    Checking equivalent v1.0.2
    Checking regex-syntax v0.8.11
    Checking foldhash v0.2.0
    Checking hashbrown v0.17.1
    Checking hashbrown v0.16.1
    Checking rapidhash v4.4.2
    Checking http-body v1.0.1
    Checking left-right v0.11.7
    Checking compression-codecs v0.4.38
    Checking webpki-roots v1.0.8
    Checking errno v0.3.14
    Checking mio v1.2.1
    Checking socket2 v0.6.4
    Checking signal-hook-registry v1.4.8
    Checking getrandom v0.2.17
    Checking parking_lot v0.12.5
    Checking http-body-util v0.1.3
    Checking rand_core v0.9.5
    Checking metrics v0.24.6
    Checking lazy_static v1.5.0
    Checking rand_xoshiro v0.7.0
   Compiling metrics-exporter-prometheus v0.18.3
    Checking hashbag v0.1.13
    Checking sketches-ddsketch v0.3.1
    Checking mime v0.3.17
    Checking block-buffer v0.10.4
    Checking crypto-common v0.1.7
    Checking sharded-slab v0.1.7
    Checking tracing-log v0.2.0
    Checking thread_local v1.1.9
    Checking nu-ansi-term v0.50.3
    Checking digest v0.10.7
    Checking evmap v11.0.0
    Checking matchit v0.8.4
    Checking cpufeatures v0.2.17
    Checking dotenvy v0.15.7
   Compiling ring v0.17.14
    Checking sha2 v0.10.9
    Checking hmac v0.12.1
    Checking regex-automata v0.4.14
    Checking indexmap v2.14.0
    Checking serde_path_to_error v0.1.20
    Checking quanta v0.12.6
   Compiling serde_derive v1.0.229
    Checking matchers v0.2.0
    Checking ppv-lite86 v0.2.21
    Checking rand_chacha v0.9.0
    Checking rand v0.9.4
   Compiling synstructure v0.13.2
    Checking metrics-util v0.20.4
   Compiling zerofrom-derive v0.1.7
   Compiling yoke-derive v0.8.2
   Compiling zerovec-derive v0.11.3
   Compiling displaydoc v0.2.6
   Compiling tokio-macros v2.7.0
   Compiling tracing-attributes v0.1.31
   Compiling futures-macro v0.3.33
   Compiling thiserror-impl v2.0.18
   Compiling utoipa-gen v5.5.0
    Checking serde_urlencoded v0.7.1
    Checking tokio v1.53.1
    Checking futures-util v0.3.33
    Checking zerofrom v0.1.8
    Checking yoke v0.8.3
    Checking tracing v0.1.44
    Checking zerovec v0.11.6
    Checking zerotrie v0.2.4
    Checking axum-core v0.5.6
    Checking tracing-subscriber v0.3.23
    Checking rustls-webpki v0.103.13
    Checking tinystr v0.8.3
    Checking potential_utf v0.1.5
    Checking icu_collections v2.2.0
    Checking icu_locale_core v2.2.0
    Checking icu_provider v2.2.0
    Checking icu_properties v2.2.0
    Checking icu_normalizer v2.2.0
    Checking idna_adapter v1.2.2
    Checking idna v1.1.0
    Checking url v2.5.8
    Checking utoipa v5.5.0
    Checking hyper v1.10.1
    Checking tower v0.5.3
    Checking tokio-util v0.7.18
    Checking async-compression v0.4.42
    Checking tokio-stream v0.1.19
    Checking tokio-rustls v0.26.4
    Checking tower-http v0.6.11
    Checking hyper-util v0.1.20
    Checking hyper-rustls v0.27.9
    Checking axum v0.8.9
    Checking reqwest v0.12.28
    Checking flock v0.6.6 (/home/toxic/flock-absorb-20260917/proxy)
    Finished `dev` profile [optimized + debuginfo] target(s) in 11.67s
